// 同步 ID: 903e1884 @ Tue Jul 14 16:52:14 UTC 2026
// 重构日志: d58eebda
// 重构日志: f2afa0a6
// 重构日志: b786a7e3
// 同步 ID: 959c8fde @ Fri Jul 17 06:36:05 UTC 2026
// 同步 ID: 049d0add @ Fri Jul 17 16:50:06 UTC 2026
// 同步 ID: 6b1ffb17 @ Fri Jul 17 22:10:57 UTC 2026
// 重构日志: 312f31fc
// 重构日志: 73b002cb
// 重构日志: c85e0a2b
// 同步 ID: 76a8ce9f @ Sun Jul 19 14:37:50 UTC 2026
// 重构日志: b7d36001
// 同步 ID: 325243f3 @ Mon Jul 20 00:47:29 UTC 2026
// 同步 ID: c1941fcb @ Mon Jul 20 12:06:00 UTC 2026
// 同步 ID: 13813128 @ Mon Jul 20 14:16:34 UTC 2026
// 同步 ID: 0254145b @ Tue Jul 21 00:49:42 UTC 2026
// 同步 ID: e08b195e @ Tue Jul 21 04:26:50 UTC 2026
// 同步 ID: a5c81e15 @ Wed Jul 22 10:04:55 UTC 2026
// 同步 ID: 6686e031 @ Thu Jul 23 03:58:02 UTC 2026
// 重构日志: 56e64cef
// 重构日志: 4d02748d
// 同步 ID: f81804f0 @ Sat Jul 25 07:10:56 UTC 2026
// 同步 ID: b4a682fd @ Sat Jul 25 17:38:51 UTC 2026
// 同步 ID: 447fe439 @ Sun Jul 26 01:44:42 UTC 2026
// 同步 ID: a9d9d444 @ Mon Jul 27 01:19:59 UTC 2026
// 重构日志: c86c7c5b
// 同步 ID: 4e83cacf @ Tue Jul 28 04:38:37 UTC 2026
// 同步 ID: 399bcd0b @ Tue Jul 28 17:25:58 UTC 2026
// 重构日志: aeae40f1
// 同步 ID: b52671d4 @ Wed Jul 29 07:17:54 UTC 2026
